python : Traceback (most recent call last):
At line:1 char:1
+ python -m uvicorn app.main:app --port 8000 
> error_log.txt 2>&1
+ ~~~~~~~~~~~~~~~~~~~~~~~~~~~~~~~~~~~~~~~~~~~
~~~~~~~~~~~~~~~~~~~~
    + CategoryInfo          : NotSpecified:  
   (Traceback (most recent call last)::Stri  
  ng) [], RemoteException
    + FullyQualifiedErrorId : NativeCommandE 
   rror
 
  File "<frozen runpy>", line 198, in 
_run_module_as_main
  File "<frozen runpy>", line 88, in 
_run_code
  File "C:\Users\happy\AppData\Local\Programs
\Python\Python313\Lib\site-packages\uvicorn\_
_main__.py", line 4, in <module>
    uvicorn.main()
    ~~~~~~~~~~~~^^
  File "C:\Users\happy\AppData\Local\Programs
\Python\Python313\Lib\site-packages\click\cor
e.py", line 1161, in __call__
    return self.main(*args, **kwargs)
           ~~~~~~~~~^^^^^^^^^^^^^^^^^
  File "C:\Users\happy\AppData\Local\Programs
\Python\Python313\Lib\site-packages\click\cor
e.py", line 1082, in main
    rv = self.invoke(ctx)
  File "C:\Users\happy\AppData\Local\Programs
\Python\Python313\Lib\site-packages\click\cor
e.py", line 1443, in invoke
    return ctx.invoke(self.callback, 
**ctx.params)
           
~~~~~~~~~~^^^^^^^^^^^^^^^^^^^^^^^^^^^^^
  File "C:\Users\happy\AppData\Local\Programs
\Python\Python313\Lib\site-packages\click\cor
e.py", line 788, in invoke
    return __callback(*args, **kwargs)
  File "C:\Users\happy\AppData\Local\Programs
\Python\Python313\Lib\site-packages\uvicorn\m
ain.py", line 416, in main
    run(
    ~~~^
        app,
        ^^^^
    ...<45 lines>...
        h11_max_incomplete_event_size=h11_max
_incomplete_event_size,
        ^^^^^^^^^^^^^^^^^^^^^^^^^^^^^^^^^^^^^
^^^^^^^^^^^^^^^^^^^^^^^
    )
    ^
  File "C:\Users\happy\AppData\Local\Programs
\Python\Python313\Lib\site-packages\uvicorn\m
ain.py", line 587, in run
    server.run()
    ~~~~~~~~~~^^
  File "C:\Users\happy\AppData\Local\Programs
\Python\Python313\Lib\site-packages\uvicorn\s
erver.py", line 61, in run
    return 
asyncio.run(self.serve(sockets=sockets))
           
~~~~~~~~~~~^^^^^^^^^^^^^^^^^^^^^^^^^^^^^
  File "C:\Users\happy\AppData\Local\Programs
\Python\Python313\Lib\asyncio\runners.py", 
line 195, in run
    return runner.run(main)
           ~~~~~~~~~~^^^^^^
  File "C:\Users\happy\AppData\Local\Programs
\Python\Python313\Lib\asyncio\runners.py", 
line 118, in run
    return 
self._loop.run_until_complete(task)
           
~~~~~~~~~~~~~~~~~~~~~~~~~~~~~^^^^^^
  File "C:\Users\happy\AppData\Local\Programs
\Python\Python313\Lib\asyncio\base_events.py"
, line 725, in run_until_complete
    return future.result()
           ~~~~~~~~~~~~~^^
  File "C:\Users\happy\AppData\Local\Programs
\Python\Python313\Lib\site-packages\uvicorn\s
erver.py", line 68, in serve
    config.load()
    ~~~~~~~~~~~^^
  File "C:\Users\happy\AppData\Local\Programs
\Python\Python313\Lib\site-packages\uvicorn\c
onfig.py", line 467, in load
    self.loaded_app = 
import_from_string(self.app)
                      
~~~~~~~~~~~~~~~~~~^^^^^^^^^^
  File "C:\Users\happy\AppData\Local\Programs
\Python\Python313\Lib\site-packages\uvicorn\i
mporter.py", line 21, in import_from_string
    module = 
importlib.import_module(module_str)
  File "C:\Users\happy\AppData\Local\Programs
\Python\Python313\Lib\importlib\__init__.py",
 line 88, in import_module
    return 
_bootstrap._gcd_import(name[level:], 
package, level)
           ~~~~~~~~~~~~~~~~~~~~~~^^^^^^^^^^^^
^^^^^^^^^^^^^^^^^^
  File "<frozen importlib._bootstrap>", line 
1387, in _gcd_import
  File "<frozen importlib._bootstrap>", line 
1360, in _find_and_load
  File "<frozen importlib._bootstrap>", line 
1331, in _find_and_load_unlocked
  File "<frozen importlib._bootstrap>", line 
935, in _load_unlocked
  File "<frozen 
importlib._bootstrap_external>", line 1026, 
in exec_module
  File "<frozen importlib._bootstrap>", line 
488, in _call_with_frames_removed
  File "C:\Users\happy\Desktop\copy\backend\a
pp\main.py", line 3, in <module>
    from app.routes import users_router, 
doctors_router, appointments_router, 
admin_router, visit_history_router
  File "C:\Users\happy\Desktop\copy\backend\a
pp\routes\__init__.py", line 1, in <module>
    from . import users as users_router
  File "C:\Users\happy\Desktop\copy\backend\a
pp\routes\users.py", line 3, in <module>
    from app.utils import get_current_patient
  File "C:\Users\happy\Desktop\copy\backend\a
pp\utils\__init__.py", line 1, in <module>
    from .auth import get_current_user, 
get_current_patient, get_current_admin, 
get_current_doctor
  File "C:\Users\happy\Desktop\copy\backend\a
pp\utils\auth.py", line 5, in <module>
    from config.settings import settings
  File "C:\Users\happy\Desktop\copy\backend\c
onfig\settings.py", line 13, in <module>
    settings = Settings()
  File "C:\Users\happy\AppData\Local\Programs
\Python\Python313\Lib\site-packages\pydantic_
settings\main.py", line 242, in __init__
    super().__init__(**__pydantic_self__.__cl
ass__._settings_build_values(sources, 
init_kwargs))
    ~~~~~~~~~~~~~~~~^^^^^^^^^^^^^^^^^^^^^^^^^
^^^^^^^^^^^^^^^^^^^^^^^^^^^^^^^^^^^^^^^^^^^^^
^^^^^^
  File "C:\Users\happy\AppData\Local\Programs
\Python\Python313\Lib\site-packages\pydantic\
main.py", line 250, in __init__
    validated_self = self.__pydantic_validato
r__.validate_python(data, self_instance=self)
pydantic_core._pydantic_core.ValidationError:
 2 validation errors for Settings
secret_key
  Extra inputs are not permitted 
[type=extra_forbidden, 
input_value='your_super_secret_key_12345', 
input_type=str]
    For further information visit https://err
ors.pydantic.dev/2.12/v/extra_forbidden
algorithm
  Extra inputs are not permitted 
[type=extra_forbidden, input_value='HS256', 
input_type=str]
    For further information visit https://err
ors.pydantic.dev/2.12/v/extra_forbidden
